error[E0308]: mismatched types
  --> tests/fail/invalid_field_type_verify_with.rs:32:10
   |
32 | #[derive(Packable)]
   |          ^^^^^^^^
   |          |
   |          expected `&u64`, found `&u8`
   |          arguments to this function are incorrect
   |
   = note: expected reference `&u64`
              found reference `&u8`
note: function defined here
  --> tests/fail/invalid_field_type_verify_with.rs:24:4
   |
24 | fn verify_value<const VERIFY: bool>(&value: &u64, _: &()) -> Result<(), PickyError> {
   |    ^^^^^^^^^^^^                     ------------
   = note: this error originates in the derive macro `Packable` (in Nightly builds, run with -Z macro-backtrace for more info)
